// Jest Snapshot v1, https://goo.gl/fbAQLP

exports[`IMAGE Renders image 1`] = `
<Image
  source={
    Object {
      "uri": "https://scontent-lht6-1.cdninstagram.com/t51.2885-15/sh0.08/e35/p640x640/26152588_1188914984576015_4446380707253583872_n.jpg",
    }
  }
  style={
    Object {
      "height": 350,
      "width": 350,
    }
  }
/>
`;
