// Jest Snapshot v1, https://goo.gl/fbAQLP

exports[`LISTITEM Renders a list item 1`] = `
<View
  style={
    Object {
      "backgroundColor": "#ccc",
      "paddingBottom": 20,
      "paddingLeft": 20,
      "paddingTop": 20,
    }
  }
>
  <Text
    accessible={true}
    allowFontScaling={true}
    ellipsizeMode="tail"
  >
    List item title
  </Text>
</View>
`;
